exports[`test hides password quality by default 1`] = `
<div
  style={
    Object {
      "marginBottom": 16,
    }
  }>
  <label
    htmlFor="test"
    style={
      Object {
        "display": "block",
      }
    }>
    Password
     
    <span
      style={
        Object {
          "color": "red",
        }
      }>
       *
    </span>
  </label>
  <input
    id="test"
    maxLength={50}
    name="test"
    onChange={[Function]}
    placeholder={undefined}
    style={undefined}
    type="password"
    value="Uisi38#8iad" />
</div>
`;

exports[`test hides password quality when enabled but no password is entered 1`] = `
<div
  style={
    Object {
      "marginBottom": 16,
    }
  }>
  <label
    htmlFor="test"
    style={
      Object {
        "display": "block",
      }
    }>
    Password
     
    <span
      style={
        Object {
          "color": "red",
        }
      }>
       *
    </span>
  </label>
  <input
    id="test"
    maxLength={50}
    name="test"
    onChange={[Function]}
    placeholder={undefined}
    showQuality={true}
    style={undefined}
    type="password"
    value="" />
</div>
`;

exports[`test shows password quality when enabled and a password is entered 1`] = `
<div
  style={
    Object {
      "marginBottom": 16,
    }
  }>
  <label
    htmlFor="test"
    style={
      Object {
        "display": "block",
      }
    }>
    Password
     
    <span
      style={
        Object {
          "color": "red",
        }
      }>
       *
    </span>
  </label>
  <input
    id="test"
    maxLength={50}
    name="test"
    onChange={[Function]}
    placeholder={undefined}
    showQuality={true}
    style={undefined}
    type="password"
    value="Uisi38#8iad" />
</div>
`;
